SCENE_AUDITED image_13200 checks 2831
SCENE_AUDITED image_13201 checks 5349
SCENE_AUDITED image_13202 checks 7867
SCENE_AUDITED image_13203 checks 10385
{
  "status": "passed",
  "independent_implementation": true,
  "imports_experiment_operator_or_scorer": false,
  "scope_limits": [
    "Encoder inference is not independently repeated.",
    "Remote publication chronology is attested, not independently queried.",
    "Synthetic target images are scored, not generated by this auditor.",
    "Readout preservation cannot establish detailed visual identity."
  ],
  "full_tensors_reconstructed": 96,
  "all_latent_hashes_match": true,
  "readouts_reproduced": 96,
  "max_readout_abs_difference": 0.0,
  "position_rows_checked": 96,
  "image_rows_checked": 16,
  "display_state_checks": 44,
  "scenes": [
    {
      "scene": "image_13200",
      "full_tensors_reconstructed": 24,
      "readouts_reproduced": 24,
      "display_positions_checked": 11,
      "background_reference_exact": true,
      "destination_exact": true,
      "outside_union_exact": true
    },
    {
      "scene": "image_13201",
      "full_tensors_reconstructed": 24,
      "readouts_reproduced": 24,
      "display_positions_checked": 11,
      "background_reference_exact": true,
      "destination_exact": true,
      "outside_union_exact": true
    },
    {
      "scene": "image_13202",
      "full_tensors_reconstructed": 24,
      "readouts_reproduced": 24,
      "display_positions_checked": 11,
      "background_reference_exact": true,
      "destination_exact": true,
      "outside_union_exact": true
    },
    {
      "scene": "image_13203",
      "full_tensors_reconstructed": 24,
      "readouts_reproduced": 24,
      "display_positions_checked": 11,
      "background_reference_exact": true,
      "destination_exact": true,
      "outside_union_exact": true
    }
  ],
  "qualified_controlled_result": false,
  "gates": {
    "genuine_readout_valid": false,
    "genuine_centroid_mean_px_all_states": 1.9663423262174937,
    "genuine_coarse_color_accuracy_all_states": 0.0,
    "genuine_color_eligible_states": 24,
    "genuine_color_skipped_states": 0,
    "edited_centroid_below_one_patch_and_all_present": true,
    "edited_centroid_mean_px_all_states": 1.7315750340804374,
    "region_errors_below_noop_by_image": {
      "image_13200": true,
      "image_13201": true,
      "image_13202": true,
      "image_13203": true
    },
    "no_degenerate_primary_denominators": true,
    "copy_repair_outside_union_exact": true
  },
  "methods": {
    "noop": {
      "primary_ratio": 1.0,
      "source_hole_ratio": 1.0,
      "destination_ratio": 1.0,
      "source_hole_rgb_mse": 0.019992335260566155,
      "source_hole_ghost_mean_occupancy": 0.28439330235123633,
      "selected_centroid_error_px": 48.27922094490004,
      "selected_iou": 0.08796328671328671,
      "appearance_identity_accuracy": 0.25,
      "distractor_centroid_error_px": 2.477903924403779,
      "distractor_rgb_change_mse": 0.0
    },
    "copy_repair": {
      "primary_ratio": 0.16292391814241514,
      "source_hole_ratio": 0.2625282438857566,
      "destination_ratio": 0.06331959239907373,
      "source_hole_rgb_mse": 0.016289950616839965,
      "source_hole_ghost_mean_occupancy": 0.06040955949574709,
      "selected_centroid_error_px": 1.731575034080437,
      "selected_iou": 0.7763888888888889,
      "appearance_identity_accuracy": 0.0,
      "distractor_centroid_error_px": 2.477903924403779,
      "distractor_rgb_change_mse": 0.0
    },
    "wrong_direction": {
      "primary_ratio": 0.844270713051175,
      "source_hole_ratio": 0.6084895405409466,
      "destination_ratio": 1.0800518855614034,
      "source_hole_rgb_mse": 0.019241417838776247,
      "source_hole_ghost_mean_occupancy": 0.20594940371811388,
      "selected_centroid_error_px": 96.26353698123242,
      "selected_iou": 0.01842948717948718,
      "appearance_identity_accuracy": 0.25,
      "distractor_centroid_error_px": 2.477903924403779,
      "distractor_rgb_change_mse": 0.0
    },
    "genuine_target": {
      "primary_ratio": 0.0,
      "source_hole_ratio": 0.0,
      "destination_ratio": 0.0,
      "source_hole_rgb_mse": 0.012592133967402728,
      "source_hole_ghost_mean_occupancy": 0.009034388535656034,
      "selected_centroid_error_px": 2.013295784644905,
      "selected_iou": 0.7645833333333334,
      "appearance_identity_accuracy": 0.0,
      "distractor_centroid_error_px": 2.682269238860585,
      "distractor_rgb_change_mse": 7.498062786908122e-05
    }
  },
  "checks": 20123,
  "errors": [],
  "max_metric_abs_difference": 0.0,
  "auditor_sha256": "a1960fff2b4f98c0e1e20bc6c20bb57a0fef78faf19b97aec2dc7c5ab02c4243",
  "freeze_sha256": "b0fc8b2e0579432feb5bb4e6517cbdd289cbed8ab5f9e22acf4525ac1fe4ecfd",
  "manifest_sha256": "a0555aa31d74baeaa4d2db1e9c655c46016f3f6de5d0d350f3909c11d37f6909"
}
