{
  "status": "complete",
  "scenes": [
    "test_11200_dx+32",
    "test_11208_dx+48"
  ],
  "artifacts": [
    {
      "path": "test_summary.png",
      "sha256": "c845f2cb2b5500ce5afdbb138b8a5f26505ae82a460496cc0abf24195a8eb890",
      "bytes": 174341
    },
    {
      "path": "test_11200_dx+32_comparison.png",
      "sha256": "57b58d027b32086d93184ca2a051c6723c93e6d76e93b6f629ec2c7b1d243968",
      "bytes": 213693
    },
    {
      "path": "test_11200_dx+32_comparison.mp4",
      "sha256": "c81c781ade62e5a1ed3ffe8111a3bbcb753f592a0935517767b070293025b214",
      "bytes": 589842
    },
    {
      "path": "test_11200_dx+32_occupancy.png",
      "sha256": "daa5a54bf25ae5735eb0cebd673f32c44ada40609b78ae3f5ccdfc8563f0bba2",
      "bytes": 104535
    },
    {
      "path": "test_11208_dx+48_comparison.png",
      "sha256": "a72729bd1b698488a9568662542c6ae195e117120471fe01b29bbc55abe22072",
      "bytes": 215802
    },
    {
      "path": "test_11208_dx+48_comparison.mp4",
      "sha256": "0d32b76ebbe8d160062ae7b4e00bb18a0c5ca94c3451f30b2a294ef4da040277",
      "bytes": 623755
    },
    {
      "path": "test_11208_dx+48_occupancy.png",
      "sha256": "5df631800e9097aa64595278e92742a6b8eae605ef0afcbdce06de77e49abeaf",
      "bytes": 104854
    }
  ]
}
