Cannot initialize model with low cpu memory usage because `accelerate` was not found in the environment. Defaulting to `low_cpu_mem_usage=False`. It is strongly recommended to install `accelerate` for faster and less memory-intense model loading. You can do so with: 
```
pip install accelerate
```
.
TARGET train_13400__source 4.896
TARGET train_13400__target 4.331
TARGET train_13401__source 3.574
TARGET train_13401__target 4.482
TARGET train_13402__source 3.398
TARGET train_13402__target 3.275
TARGET train_13403__source 3.337
TARGET train_13403__target 4.076
TARGET train_13404__source 4.024
TARGET train_13404__target 3.772
TARGET train_13405__source 3.915
TARGET train_13405__target 3.9
TARGET train_13406__source 3.692
TARGET train_13406__target 3.923
TARGET train_13407__source 4.545
TARGET train_13407__target 4.102
TARGET train_13408__source 4.875
TARGET train_13408__target 4.5
TARGET train_13409__source 3.504
TARGET train_13409__target 3.609
TARGET train_13410__source 4.062
TARGET train_13410__target 3.44
TARGET train_13411__source 4.417
TARGET train_13411__target 3.856
TARGET train_13412__source 3.582
TARGET train_13412__target 3.432
TARGET train_13413__source 3.671
TARGET train_13413__target 4.09
TARGET train_13414__source 3.75
TARGET train_13414__target 3.487
TARGET train_13415__source 3.776
TARGET train_13415__target 3.661
TARGET train_13416__source 4.355
TARGET train_13416__target 3.362
TARGET train_13417__source 3.55
TARGET train_13417__target 3.277
TARGET train_13418__source 3.347
TARGET train_13418__target 3.609
TARGET train_13419__source 3.985
TARGET train_13419__target 3.329
TARGET train_13420__source 4.029
TARGET train_13420__target 3.719
TARGET train_13421__source 3.889
TARGET train_13421__target 3.951
TARGET train_13422__source 3.826
TARGET train_13422__target 3.865
TARGET train_13423__source 3.555
TARGET train_13423__target 3.986
TARGET train_13424__source 4.278
TARGET train_13424__target 4.065
TARGET train_13425__source 4.356
TARGET train_13425__target 3.817
TARGET train_13426__source 3.813
TARGET train_13426__target 4.39
TARGET train_13427__source 3.584
TARGET train_13427__target 4.156
TARGET train_13428__source 3.915
TARGET train_13428__target 3.81
TARGET train_13429__source 3.562
TARGET train_13429__target 3.598
TARGET train_13430__source 3.636
TARGET train_13430__target 3.977
TARGET train_13431__source 3.885
TARGET train_13431__target 4.518
TARGET dev_13500__source 4.806
TARGET dev_13500__target 3.916
TARGET dev_13501__source 3.481
TARGET dev_13501__target 3.357
TARGET dev_13502__source 3.525
TARGET dev_13502__target 3.236
TARGET dev_13503__source 5.004
TARGET dev_13503__target 4.446
TARGET dev_13504__source 4.352
TARGET dev_13504__target 4.606
TARGET dev_13505__source 4.152
TARGET dev_13505__target 3.872
TARGET dev_13506__source 3.663
TARGET dev_13506__target 4.346
TARGET dev_13507__source 4.621
TARGET dev_13507__target 5.071
COMPLETE True 89a07786aa58341557aec5486c0afec32161b2aadb03a39a8f664ed5f2d36382
