BRIDGE_EPOCH cnn 1 train 0.08492741 dev 0.08562259
BRIDGE_EPOCH cnn 2 train 0.04729419 dev 0.05891838
BRIDGE_EPOCH cnn 3 train 0.03508676 dev 0.04654161
BRIDGE_EPOCH cnn 4 train 0.02872999 dev 0.03999057
BRIDGE_EPOCH cnn 5 train 0.02517042 dev 0.03281531
BRIDGE_EPOCH cnn 6 train 0.0229071 dev 0.0305273
BRIDGE_EPOCH cnn 7 train 0.02156365 dev 0.02844004
BRIDGE_EPOCH cnn 8 train 0.0200605 dev 0.02654117
BRIDGE_EPOCH cnn 9 train 0.01988403 dev 0.02616662
BRIDGE_EPOCH cnn 10 train 0.02035124 dev 0.0258855
BRIDGE_EPOCH cnn 11 train 0.01931821 dev 0.0270878
BRIDGE_EPOCH cnn 12 train 0.01812411 dev 0.02488697
BRIDGE_EPOCH cnn 13 train 0.01897216 dev 0.02458836
BRIDGE_EPOCH cnn 14 train 0.01781306 dev 0.02462414
BRIDGE_EPOCH cnn 15 train 0.0168899 dev 0.02284118
BRIDGE_EPOCH cnn 16 train 0.01627212 dev 0.02255631
BRIDGE_EPOCH cnn 17 train 0.01604997 dev 0.0215508
BRIDGE_EPOCH cnn 18 train 0.01591676 dev 0.02116906
BRIDGE_EPOCH cnn 19 train 0.01546061 dev 0.02040504
BRIDGE_EPOCH cnn 20 train 0.01456896 dev 0.02037233
BRIDGE_EPOCH cnn 21 train 0.01418382 dev 0.02033424
BRIDGE_EPOCH cnn 22 train 0.01430472 dev 0.01935071
BRIDGE_EPOCH cnn 23 train 0.01472416 dev 0.02072194
BRIDGE_EPOCH cnn 24 train 0.01621204 dev 0.02090317
BRIDGE_EPOCH cnn 25 train 0.01560609 dev 0.02130541
BRIDGE_EPOCH cnn 26 train 0.01704534 dev 0.02158284
BRIDGE_EPOCH cnn 27 train 0.01591897 dev 0.02232578
BRIDGE_EPOCH cnn 28 train 0.01401515 dev 0.01979513
BRIDGE_EPOCH cnn 29 train 0.01311238 dev 0.01864
BRIDGE_EPOCH cnn 30 train 0.01299108 dev 0.01889392
BRIDGE_EPOCH cnn 31 train 0.01245334 dev 0.01813284
BRIDGE_EPOCH cnn 32 train 0.01227838 dev 0.01793701
BRIDGE_EPOCH cnn 33 train 0.01235036 dev 0.01804753
BRIDGE_EPOCH cnn 34 train 0.01235072 dev 0.01809092
BRIDGE_EPOCH cnn 35 train 0.01227783 dev 0.01808339
BRIDGE_EPOCH cnn 36 train 0.0119224 dev 0.01747651
BRIDGE_EPOCH cnn 37 train 0.01169691 dev 0.01753024
BRIDGE_EPOCH cnn 38 train 0.01190016 dev 0.01812935
BRIDGE_EPOCH cnn 39 train 0.01158507 dev 0.01735937
BRIDGE_EPOCH cnn 40 train 0.01207136 dev 0.01897227
BRIDGE_EPOCH cnn 41 train 0.01172793 dev 0.01704412
BRIDGE_EPOCH cnn 42 train 0.01179545 dev 0.01954735
BRIDGE_EPOCH cnn 43 train 0.01166964 dev 0.01752462
BRIDGE_EPOCH cnn 44 train 0.01220733 dev 0.01933721
BRIDGE_EPOCH cnn 45 train 0.01190673 dev 0.01769106
BRIDGE_EPOCH cnn 46 train 0.01126227 dev 0.01781444
BRIDGE_EPOCH cnn 47 train 0.01137517 dev 0.01737419
BRIDGE_EPOCH cnn 48 train 0.0115552 dev 0.01724417
BRIDGE_EPOCH cnn 49 train 0.01187335 dev 0.01859101
BRIDGE_EPOCH cnn 50 train 0.011796 dev 0.01812485
BRIDGE_EPOCH cnn 51 train 0.01135626 dev 0.01869761
BRIDGE_EPOCH cnn 52 train 0.01100916 dev 0.0169095
BRIDGE_EPOCH cnn 53 train 0.01082874 dev 0.01723804
BRIDGE_EPOCH cnn 54 train 0.01101701 dev 0.01754344
BRIDGE_EPOCH cnn 55 train 0.01067721 dev 0.01667775
BRIDGE_EPOCH cnn 56 train 0.01056156 dev 0.01752544
BRIDGE_EPOCH cnn 57 train 0.01081389 dev 0.01915772
BRIDGE_EPOCH cnn 58 train 0.01055257 dev 0.01773741
BRIDGE_EPOCH cnn 59 train 0.01040834 dev 0.01841422
BRIDGE_EPOCH cnn 60 train 0.01034587 dev 0.01667607
BRIDGE_EPOCH cnn 61 train 0.01016324 dev 0.01677099
BRIDGE_EPOCH cnn 62 train 0.00986219 dev 0.0169568
BRIDGE_EPOCH cnn 63 train 0.0096686 dev 0.01705935
BRIDGE_EPOCH cnn 64 train 0.00964066 dev 0.01645525
BRIDGE_EPOCH cnn 65 train 0.01002075 dev 0.01699942
BRIDGE_EPOCH cnn 66 train 0.01078044 dev 0.01868531
BRIDGE_EPOCH cnn 67 train 0.01047711 dev 0.01734753
BRIDGE_EPOCH cnn 68 train 0.01044325 dev 0.01771414
BRIDGE_EPOCH cnn 69 train 0.01012275 dev 0.01782233
BRIDGE_EPOCH cnn 70 train 0.00987646 dev 0.01694429
BRIDGE_EPOCH cnn 71 train 0.00963298 dev 0.01754129
BRIDGE_EPOCH cnn 72 train 0.00961543 dev 0.01795536
BRIDGE_EPOCH cnn 73 train 0.00963101 dev 0.01707038
BRIDGE_EPOCH cnn 74 train 0.00949961 dev 0.01835495
BRIDGE_EPOCH cnn 75 train 0.01058433 dev 0.01709257
BRIDGE_EPOCH cnn 76 train 0.01090563 dev 0.01798874
BRIDGE_EPOCH cnn 77 train 0.0110873 dev 0.0184986
BRIDGE_EPOCH cnn 78 train 0.01070034 dev 0.01825182
BRIDGE_EPOCH cnn 79 train 0.01114764 dev 0.02049251
BRIDGE_EPOCH cnn 80 train 0.01039751 dev 0.01884243
BRIDGE_EPOCH cnn 81 train 0.01004944 dev 0.01715371
BRIDGE_EPOCH cnn 82 train 0.00987583 dev 0.01805183
BRIDGE_EPOCH cnn 83 train 0.00960168 dev 0.01772662
BRIDGE_EPOCH cnn 84 train 0.00989255 dev 0.01738835
BRIDGE_EPOCH cnn 85 train 0.010381 dev 0.01847783
BRIDGE_EPOCH cnn 86 train 0.00977675 dev 0.01817316
BRIDGE_EPOCH cnn 87 train 0.00914552 dev 0.01719202
BRIDGE_EPOCH cnn 88 train 0.00871015 dev 0.01711548
BRIDGE_EPOCH cnn 89 train 0.008485 dev 0.01711564
BRIDGE_EPOCH cnn 90 train 0.00839385 dev 0.01636428
BRIDGE_EPOCH cnn 91 train 0.0083993 dev 0.01755357
BRIDGE_EPOCH cnn 92 train 0.00828125 dev 0.01665763
BRIDGE_EPOCH cnn 93 train 0.00809964 dev 0.01677411
BRIDGE_EPOCH cnn 94 train 0.00796153 dev 0.01695977
BRIDGE_EPOCH cnn 95 train 0.0080137 dev 0.01682346
BRIDGE_EPOCH cnn 96 train 0.0080105 dev 0.01716638
BRIDGE_EPOCH cnn 97 train 0.00822179 dev 0.01763143
BRIDGE_EPOCH cnn 98 train 0.00806476 dev 0.01659263
BRIDGE_EPOCH cnn 99 train 0.00795047 dev 0.01749088
BRIDGE_EPOCH cnn 100 train 0.00791954 dev 0.01702174
BRIDGE_EPOCH cnn 101 train 0.00820884 dev 0.01729279
BRIDGE_EPOCH cnn 102 train 0.00888017 dev 0.0173978
BRIDGE_EPOCH cnn 103 train 0.00886106 dev 0.0174155
BRIDGE_EPOCH cnn 104 train 0.00955577 dev 0.01921652
BRIDGE_EPOCH cnn 105 train 0.00912732 dev 0.0192983
BRIDGE_EPOCH cnn 106 train 0.00868395 dev 0.0172342
BRIDGE_EPOCH cnn 107 train 0.00861963 dev 0.01821126
BRIDGE_EPOCH cnn 108 train 0.00878853 dev 0.01797645
BRIDGE_EPOCH cnn 109 train 0.00832012 dev 0.01705851
BRIDGE_EPOCH cnn 110 train 0.00868917 dev 0.01805626
BRIDGE_EPOCH cnn 111 train 0.00824984 dev 0.01745369
BRIDGE_EPOCH cnn 112 train 0.00841447 dev 0.01794765
BRIDGE_EPOCH cnn 113 train 0.0091609 dev 0.01893481
BRIDGE_EPOCH cnn 114 train 0.00847227 dev 0.01729928
BRIDGE_EPOCH cnn 115 train 0.00877919 dev 0.01754819
BRIDGE_EPOCH cnn 116 train 0.00820796 dev 0.01805128
BRIDGE_EPOCH cnn 117 train 0.00764025 dev 0.01745407
BRIDGE_EPOCH cnn 118 train 0.00737109 dev 0.01742934
BRIDGE_EPOCH cnn 119 train 0.00717537 dev 0.01709444
BRIDGE_EPOCH cnn 120 train 0.00725116 dev 0.01730523
BRIDGE_EPOCH cnn 121 train 0.00703715 dev 0.01676148
BRIDGE_EPOCH cnn 122 train 0.00734029 dev 0.01913054
BRIDGE_EPOCH cnn 123 train 0.00709791 dev 0.01702981
BRIDGE_EPOCH cnn 124 train 0.006906 dev 0.01707603
BRIDGE_EPOCH cnn 125 train 0.0068548 dev 0.01694139
BRIDGE_EPOCH cnn 126 train 0.00703907 dev 0.01752692
BRIDGE_EPOCH cnn 127 train 0.00689558 dev 0.01739507
BRIDGE_EPOCH cnn 128 train 0.00677528 dev 0.01717842
BRIDGE_EPOCH cnn 129 train 0.00695371 dev 0.01833125
BRIDGE_EPOCH cnn 130 train 0.00708366 dev 0.01756946
BRIDGE_EPOCH cnn 131 train 0.00707382 dev 0.01813699
BRIDGE_EPOCH cnn 132 train 0.00690356 dev 0.01702954
BRIDGE_EPOCH cnn 133 train 0.00694997 dev 0.01707436
BRIDGE_EPOCH cnn 134 train 0.00717858 dev 0.01756548
BRIDGE_EPOCH cnn 135 train 0.00750191 dev 0.01719877
BRIDGE_EPOCH cnn 136 train 0.00771369 dev 0.01910274
BRIDGE_EPOCH cnn 137 train 0.00808547 dev 0.01815339
BRIDGE_EPOCH cnn 138 train 0.00725225 dev 0.01831614
BRIDGE_EPOCH cnn 139 train 0.00679709 dev 0.01773069
BRIDGE_EPOCH cnn 140 train 0.00657237 dev 0.01747039
BRIDGE_EPOCH cnn 141 train 0.00651375 dev 0.01768641
BRIDGE_EPOCH cnn 142 train 0.00638735 dev 0.01734554
BRIDGE_EPOCH cnn 143 train 0.00622612 dev 0.01728166
BRIDGE_EPOCH cnn 144 train 0.00631128 dev 0.01734686
BRIDGE_EPOCH cnn 145 train 0.00630089 dev 0.01696253
BRIDGE_EPOCH cnn 146 train 0.00632359 dev 0.01739406
BRIDGE_EPOCH cnn 147 train 0.00621577 dev 0.01765004
BRIDGE_EPOCH cnn 148 train 0.00614941 dev 0.01742562
BRIDGE_EPOCH cnn 149 train 0.00620731 dev 0.01768918
BRIDGE_EPOCH cnn 150 train 0.00635833 dev 0.01749945
BRIDGE_ARM_COMPLETE cnn a3abb9b3d224881c8125499ed43c65d7b0dae8975538ce0716ca47e75e3bc365
BRIDGE_EPOCH linear 1 train 0.16028838 dev 0.18179789
BRIDGE_EPOCH linear 2 train 0.11456289 dev 0.1455362
BRIDGE_EPOCH linear 3 train 0.09260786 dev 0.11009273
BRIDGE_EPOCH linear 4 train 0.0815561 dev 0.10116977
BRIDGE_EPOCH linear 5 train 0.07251085 dev 0.09389599
BRIDGE_EPOCH linear 6 train 0.06534705 dev 0.08280464
BRIDGE_EPOCH linear 7 train 0.05961895 dev 0.07660052
BRIDGE_EPOCH linear 8 train 0.0548745 dev 0.07048291
BRIDGE_EPOCH linear 9 train 0.05186718 dev 0.06823662
BRIDGE_EPOCH linear 10 train 0.04926781 dev 0.06230907
BRIDGE_EPOCH linear 11 train 0.04637278 dev 0.05611687
BRIDGE_EPOCH linear 12 train 0.0421353 dev 0.05640896
BRIDGE_EPOCH linear 13 train 0.03926273 dev 0.05109144
BRIDGE_EPOCH linear 14 train 0.03826504 dev 0.04966727
BRIDGE_EPOCH linear 15 train 0.03610271 dev 0.04690379
BRIDGE_EPOCH linear 16 train 0.03477845 dev 0.04468907
BRIDGE_EPOCH linear 17 train 0.03202931 dev 0.04303316
BRIDGE_EPOCH linear 18 train 0.03046693 dev 0.04081522
BRIDGE_EPOCH linear 19 train 0.02915152 dev 0.03874786
BRIDGE_EPOCH linear 20 train 0.02768176 dev 0.03667133
BRIDGE_EPOCH linear 21 train 0.02719982 dev 0.0364877
BRIDGE_EPOCH linear 22 train 0.0257408 dev 0.03482052
BRIDGE_EPOCH linear 23 train 0.02492588 dev 0.03365287
BRIDGE_EPOCH linear 24 train 0.02420539 dev 0.03245219
BRIDGE_EPOCH linear 25 train 0.02382417 dev 0.03228486
BRIDGE_EPOCH linear 26 train 0.02381923 dev 0.03230922
BRIDGE_EPOCH linear 27 train 0.02272291 dev 0.03127589
BRIDGE_EPOCH linear 28 train 0.02215474 dev 0.03057506
BRIDGE_EPOCH linear 29 train 0.02146811 dev 0.0292803
BRIDGE_EPOCH linear 30 train 0.0220528 dev 0.02969963
BRIDGE_EPOCH linear 31 train 0.02080114 dev 0.02859979
BRIDGE_EPOCH linear 32 train 0.02035369 dev 0.02815174
BRIDGE_EPOCH linear 33 train 0.02025944 dev 0.02778156
BRIDGE_EPOCH linear 34 train 0.019952 dev 0.0278065
BRIDGE_EPOCH linear 35 train 0.01945809 dev 0.02678308
BRIDGE_EPOCH linear 36 train 0.01916029 dev 0.02699702
BRIDGE_EPOCH linear 37 train 0.01906639 dev 0.02673682
BRIDGE_EPOCH linear 38 train 0.01883291 dev 0.02614997
BRIDGE_EPOCH linear 39 train 0.01861301 dev 0.02616277
BRIDGE_EPOCH linear 40 train 0.01927274 dev 0.02644856
BRIDGE_EPOCH linear 41 train 0.01880056 dev 0.025798
BRIDGE_EPOCH linear 42 train 0.01873728 dev 0.02625789
BRIDGE_EPOCH linear 43 train 0.01882316 dev 0.02592904
BRIDGE_EPOCH linear 44 train 0.01883753 dev 0.02577815
BRIDGE_EPOCH linear 45 train 0.017835 dev 0.02496081
BRIDGE_EPOCH linear 46 train 0.01823345 dev 0.02544114
BRIDGE_EPOCH linear 47 train 0.01790408 dev 0.02492462
BRIDGE_EPOCH linear 48 train 0.01788915 dev 0.02493114
BRIDGE_EPOCH linear 49 train 0.01788732 dev 0.02487287
BRIDGE_EPOCH linear 50 train 0.0175698 dev 0.02507951
BRIDGE_EPOCH linear 51 train 0.01830787 dev 0.02510465
BRIDGE_EPOCH linear 52 train 0.01792367 dev 0.02496819
BRIDGE_EPOCH linear 53 train 0.01764775 dev 0.02474672
BRIDGE_EPOCH linear 54 train 0.0178989 dev 0.02459825
BRIDGE_EPOCH linear 55 train 0.01714173 dev 0.02417705
BRIDGE_EPOCH linear 56 train 0.01697195 dev 0.02429329
BRIDGE_EPOCH linear 57 train 0.01718063 dev 0.02441617
BRIDGE_EPOCH linear 58 train 0.01700908 dev 0.02438922
BRIDGE_EPOCH linear 59 train 0.01712695 dev 0.02411946
BRIDGE_EPOCH linear 60 train 0.01720559 dev 0.02433259
BRIDGE_EPOCH linear 61 train 0.01730465 dev 0.02432097
BRIDGE_EPOCH linear 62 train 0.01756665 dev 0.02436112
BRIDGE_EPOCH linear 63 train 0.01745652 dev 0.02428214
BRIDGE_EPOCH linear 64 train 0.01703671 dev 0.02416552
BRIDGE_EPOCH linear 65 train 0.01684821 dev 0.02380685
BRIDGE_EPOCH linear 66 train 0.01742409 dev 0.02419512
BRIDGE_EPOCH linear 67 train 0.01724688 dev 0.02411187
BRIDGE_EPOCH linear 68 train 0.0175936 dev 0.02461841
BRIDGE_EPOCH linear 69 train 0.01770548 dev 0.02435029
BRIDGE_EPOCH linear 70 train 0.01729375 dev 0.0244124
BRIDGE_EPOCH linear 71 train 0.01657148 dev 0.02360382
BRIDGE_EPOCH linear 72 train 0.01658228 dev 0.02377858
BRIDGE_EPOCH linear 73 train 0.01705012 dev 0.02430156
BRIDGE_EPOCH linear 74 train 0.01695365 dev 0.024194
BRIDGE_EPOCH linear 75 train 0.01714961 dev 0.0241806
BRIDGE_EPOCH linear 76 train 0.01849438 dev 0.02481929
BRIDGE_EPOCH linear 77 train 0.01796544 dev 0.02477256
BRIDGE_EPOCH linear 78 train 0.01707912 dev 0.02417761
BRIDGE_EPOCH linear 79 train 0.01716014 dev 0.02459086
BRIDGE_EPOCH linear 80 train 0.01716927 dev 0.02437396
BRIDGE_EPOCH linear 81 train 0.01793499 dev 0.02515178
BRIDGE_EPOCH linear 82 train 0.01838449 dev 0.02496406
BRIDGE_EPOCH linear 83 train 0.01713405 dev 0.02407124
BRIDGE_EPOCH linear 84 train 0.01675408 dev 0.0239227
BRIDGE_EPOCH linear 85 train 0.01703619 dev 0.02408638
BRIDGE_EPOCH linear 86 train 0.01701919 dev 0.02436857
BRIDGE_EPOCH linear 87 train 0.01724171 dev 0.02430994
BRIDGE_EPOCH linear 88 train 0.01682254 dev 0.02403918
BRIDGE_EPOCH linear 89 train 0.01695387 dev 0.02431521
BRIDGE_EPOCH linear 90 train 0.01738719 dev 0.02435053
BRIDGE_EPOCH linear 91 train 0.01700036 dev 0.02406022
BRIDGE_EPOCH linear 92 train 0.01671756 dev 0.02400435
BRIDGE_EPOCH linear 93 train 0.01701234 dev 0.02500957
BRIDGE_EPOCH linear 94 train 0.01734303 dev 0.024422
BRIDGE_EPOCH linear 95 train 0.01672825 dev 0.02409536
BRIDGE_EPOCH linear 96 train 0.01703012 dev 0.02354225
BRIDGE_EPOCH linear 97 train 0.01733439 dev 0.02462817
BRIDGE_EPOCH linear 98 train 0.01723952 dev 0.02392005
BRIDGE_EPOCH linear 99 train 0.01755535 dev 0.02418435
BRIDGE_EPOCH linear 100 train 0.01722889 dev 0.02412814
BRIDGE_EPOCH linear 101 train 0.01696905 dev 0.02446471
BRIDGE_EPOCH linear 102 train 0.01881737 dev 0.02463536
BRIDGE_EPOCH linear 103 train 0.01778837 dev 0.02539106
BRIDGE_EPOCH linear 104 train 0.01929047 dev 0.02533905
BRIDGE_EPOCH linear 105 train 0.02234352 dev 0.02677105
BRIDGE_EPOCH linear 106 train 0.01980042 dev 0.02759428
BRIDGE_EPOCH linear 107 train 0.01826698 dev 0.02615746
BRIDGE_EPOCH linear 108 train 0.01820945 dev 0.02489867
BRIDGE_EPOCH linear 109 train 0.01840583 dev 0.02534735
BRIDGE_EPOCH linear 110 train 0.01931789 dev 0.02736899
BRIDGE_EPOCH linear 111 train 0.02906319 dev 0.03216806
BRIDGE_EPOCH linear 112 train 0.03405858 dev 0.03268839
BRIDGE_EPOCH linear 113 train 0.03751851 dev 0.03993703
BRIDGE_EPOCH linear 114 train 0.02884009 dev 0.03157218
BRIDGE_EPOCH linear 115 train 0.04042265 dev 0.04071914
BRIDGE_EPOCH linear 116 train 0.04001898 dev 0.04379161
BRIDGE_EPOCH linear 117 train 0.02274842 dev 0.03020055
BRIDGE_EPOCH linear 118 train 0.01975761 dev 0.02706567
BRIDGE_EPOCH linear 119 train 0.01745437 dev 0.02499053
BRIDGE_EPOCH linear 120 train 0.01662398 dev 0.02403759
BRIDGE_EPOCH linear 121 train 0.01612107 dev 0.02345553
BRIDGE_EPOCH linear 122 train 0.01599718 dev 0.02350141
BRIDGE_EPOCH linear 123 train 0.01716903 dev 0.02481852
BRIDGE_EPOCH linear 124 train 0.01650618 dev 0.0235466
BRIDGE_EPOCH linear 125 train 0.01597468 dev 0.02307257
BRIDGE_EPOCH linear 126 train 0.01579054 dev 0.02334203
BRIDGE_EPOCH linear 127 train 0.01604411 dev 0.02331261
BRIDGE_EPOCH linear 128 train 0.01684511 dev 0.02415317
BRIDGE_EPOCH linear 129 train 0.01586078 dev 0.02344545
BRIDGE_EPOCH linear 130 train 0.01616505 dev 0.02391273
BRIDGE_EPOCH linear 131 train 0.01640279 dev 0.02348036
BRIDGE_EPOCH linear 132 train 0.01611738 dev 0.0231404
BRIDGE_EPOCH linear 133 train 0.01667504 dev 0.02474855
BRIDGE_EPOCH linear 134 train 0.01668805 dev 0.02390958
BRIDGE_EPOCH linear 135 train 0.01675791 dev 0.02406627
BRIDGE_EPOCH linear 136 train 0.01620829 dev 0.02380893
BRIDGE_EPOCH linear 137 train 0.01610726 dev 0.0236845
BRIDGE_EPOCH linear 138 train 0.01612747 dev 0.02356946
BRIDGE_EPOCH linear 139 train 0.01589225 dev 0.02339882
BRIDGE_EPOCH linear 140 train 0.01584298 dev 0.02312328
BRIDGE_EPOCH linear 141 train 0.01600466 dev 0.02337193
BRIDGE_EPOCH linear 142 train 0.01650563 dev 0.0239294
BRIDGE_EPOCH linear 143 train 0.01589316 dev 0.02344028
BRIDGE_EPOCH linear 144 train 0.01597703 dev 0.02344661
BRIDGE_EPOCH linear 145 train 0.01602237 dev 0.0229535
BRIDGE_EPOCH linear 146 train 0.01604988 dev 0.0238274
BRIDGE_EPOCH linear 147 train 0.01603832 dev 0.02331149
BRIDGE_EPOCH linear 148 train 0.01662823 dev 0.02362374
BRIDGE_EPOCH linear 149 train 0.0165039 dev 0.02340031
BRIDGE_EPOCH linear 150 train 0.01612147 dev 0.0230892
BRIDGE_ARM_COMPLETE linear 60421e8eb63c939d0de460950f80f89fe6de2670df73880cec4f0bc15baf5c71
BRIDGE_TRAINING_COMPLETE day11_compute/training/trained_checkpoint_freeze.json 22dc5a4b749d8ec724ca2a08334cc8c9958fdebad1d24dd0d9c6f25f8459689e
